  Determining projects to restore...
  All projects are up-to-date for restore.
  Domain -> c:\Users\moham\source\repos\NexCommerce\Domain\bin\Debug\net10.0\Domain.dll
c:\Users\moham\source\repos\NexCommerce\Application\Behaviors\ValidationBehavior.cs(40,43): error CS1503: Argument 1: cannot convert from 'System.Collections.Generic.List<string>' to 'string' [c:\Users\moham\source\repos\NexCommerce\Application\Application.csproj]
c:\Users\moham\source\repos\NexCommerce\Application\Features\Auth\Register\RegisterCommand.cs(51,40): error CS0118: 'RefreshToken' is a namespace but is used like a type [c:\Users\moham\source\repos\NexCommerce\Application\Application.csproj]
c:\Users\moham\source\repos\NexCommerce\Application\Features\Auth\Register\RegisterCommand.cs(33,43): warning CS8604: Possible null reference argument for parameter 'message' in 'ValidationException.ValidationException(string message)'. [c:\Users\moham\source\repos\NexCommerce\Application\Application.csproj]
c:\Users\moham\source\repos\NexCommerce\Application\Features\Auth\RefreshToken\RefreshTokenCommand.cs(39,40): error CS0118: 'RefreshToken' is a namespace but is used like a type [c:\Users\moham\source\repos\NexCommerce\Application\Application.csproj]
c:\Users\moham\source\repos\NexCommerce\Application\Features\Products\UpdateProduct\UpdateProductCommand.cs(77,44): error CS7036: There is no argument given that corresponds to the required parameter 'IsPrimary' of 'ProductImageDto.ProductImageDto(Guid, string, string, bool)' [c:\Users\moham\source\repos\NexCommerce\Application\Application.csproj]
c:\Users\moham\source\repos\NexCommerce\Application\Features\Auth\Login\LoginCommand.cs(35,40): error CS0118: 'RefreshToken' is a namespace but is used like a type [c:\Users\moham\source\repos\NexCommerce\Application\Application.csproj]
c:\Users\moham\source\repos\NexCommerce\Application\Features\Products\CreateProduct\CreateProductCommand.cs(107,48): error CS7036: There is no argument given that corresponds to the required parameter 'IsPrimary' of 'ProductImageDto.ProductImageDto(Guid, string, string, bool)' [c:\Users\moham\source\repos\NexCommerce\Application\Application.csproj]
c:\Users\moham\source\repos\NexCommerce\Application\Services\VendorService.cs(31,20): error CS1729: 'PagedResult<VendorListItemDto>' does not contain a constructor that takes 4 arguments [c:\Users\moham\source\repos\NexCommerce\Application\Application.csproj]
c:\Users\moham\source\repos\NexCommerce\Application\Services\ProductService.cs(20,20): error CS1729: 'PagedResult<ProductListItemDto>' does not contain a constructor that takes 4 arguments [c:\Users\moham\source\repos\NexCommerce\Application\Application.csproj]
c:\Users\moham\source\repos\NexCommerce\Application\Services\ProductService.cs(26,20): error CS1729: 'PagedResult<ProductListItemDto>' does not contain a constructor that takes 4 arguments [c:\Users\moham\source\repos\NexCommerce\Application\Application.csproj]
c:\Users\moham\source\repos\NexCommerce\Application\Services\VendorService.cs(56,43): error CS1729: 'string' does not contain a constructor that takes 0 arguments [c:\Users\moham\source\repos\NexCommerce\Application\Application.csproj]
c:\Users\moham\source\repos\NexCommerce\Application\Services\VendorService.cs(56,43): error CS1061: 'string' does not contain a definition for 'Add' and no accessible extension method 'Add' accepting a first argument of type 'string' could be found (are you missing a using directive or an assembly reference?) [c:\Users\moham\source\repos\NexCommerce\Application\Application.csproj]
c:\Users\moham\source\repos\NexCommerce\Application\Services\VendorService.cs(56,44): error CS0029: Cannot implicitly convert type 'string' to 'char' [c:\Users\moham\source\repos\NexCommerce\Application\Application.csproj]
c:\Users\moham\source\repos\NexCommerce\Application\Services\ProductService.cs(32,20): error CS1729: 'PagedResult<ProductListItemDto>' does not contain a constructor that takes 4 arguments [c:\Users\moham\source\repos\NexCommerce\Application\Application.csproj]
c:\Users\moham\source\repos\NexCommerce\Application\Services\ProductService.cs(66,53): error CS1061: 'ProductImage' does not contain a definition for 'IsPrimary' and no accessible extension method 'IsPrimary' accepting a first argument of type 'ProductImage' could be found (are you missing a using directive or an assembly reference?) [c:\Users\moham\source\repos\NexCommerce\Application\Application.csproj]
c:\Users\moham\source\repos\NexCommerce\Application\Services\ProductService.cs(68,78): error CS0117: 'ProductImage' does not contain a definition for 'Url' [c:\Users\moham\source\repos\NexCommerce\Application\Application.csproj]
c:\Users\moham\source\repos\NexCommerce\Application\Services\ProductService.cs(68,89): error CS0117: 'ProductImage' does not contain a definition for 'IsPrimary' [c:\Users\moham\source\repos\NexCommerce\Application\Application.csproj]
c:\Users\moham\source\repos\NexCommerce\Application\Mappings\OrderProfile.cs(18,56): error CS1061: 'ProductImage' does not contain a definition for 'IsPrimary' and no accessible extension method 'IsPrimary' accepting a first argument of type 'ProductImage' could be found (are you missing a using directive or an assembly reference?) [c:\Users\moham\source\repos\NexCommerce\Application\Application.csproj]
c:\Users\moham\source\repos\NexCommerce\Application\Services\ProductService.cs(82,50): error CS1061: 'ProductImage' does not contain a definition for 'Url' and no accessible extension method 'Url' accepting a first argument of type 'ProductImage' could be found (are you missing a using directive or an assembly reference?) [c:\Users\moham\source\repos\NexCommerce\Application\Application.csproj]
c:\Users\moham\source\repos\NexCommerce\Application\Services\CategoryService.cs(104,43): error CS1729: 'string' does not contain a constructor that takes 0 arguments [c:\Users\moham\source\repos\NexCommerce\Application\Application.csproj]
c:\Users\moham\source\repos\NexCommerce\Application\Services\CategoryService.cs(104,43): error CS1061: 'string' does not contain a definition for 'Add' and no accessible extension method 'Add' accepting a first argument of type 'string' could be found (are you missing a using directive or an assembly reference?) [c:\Users\moham\source\repos\NexCommerce\Application\Application.csproj]
c:\Users\moham\source\repos\NexCommerce\Application\Services\CategoryService.cs(104,44): error CS0029: Cannot implicitly convert type 'string' to 'char' [c:\Users\moham\source\repos\NexCommerce\Application\Application.csproj]
c:\Users\moham\source\repos\NexCommerce\Application\Services\CategoryService.cs(107,43): error CS1729: 'string' does not contain a constructor that takes 0 arguments [c:\Users\moham\source\repos\NexCommerce\Application\Application.csproj]
c:\Users\moham\source\repos\NexCommerce\Application\Services\CategoryService.cs(107,43): error CS1061: 'string' does not contain a definition for 'Add' and no accessible extension method 'Add' accepting a first argument of type 'string' could be found (are you missing a using directive or an assembly reference?) [c:\Users\moham\source\repos\NexCommerce\Application\Application.csproj]
c:\Users\moham\source\repos\NexCommerce\Application\Services\CategoryService.cs(107,44): error CS0029: Cannot implicitly convert type 'string' to 'char' [c:\Users\moham\source\repos\NexCommerce\Application\Application.csproj]
c:\Users\moham\source\repos\NexCommerce\Application\Services\ProductService.cs(124,57): error CS1061: 'ProductImage' does not contain a definition for 'IsPrimary' and no accessible extension method 'IsPrimary' accepting a first argument of type 'ProductImage' could be found (are you missing a using directive or an assembly reference?) [c:\Users\moham\source\repos\NexCommerce\Application\Application.csproj]
c:\Users\moham\source\repos\NexCommerce\Application\Services\ProductService.cs(124,102): error CS1061: 'ProductImage' does not contain a definition for 'Url' and no accessible extension method 'Url' accepting a first argument of type 'ProductImage' could be found (are you missing a using directive or an assembly reference?) [c:\Users\moham\source\repos\NexCommerce\Application\Application.csproj]
c:\Users\moham\source\repos\NexCommerce\Application\Services\ProductService.cs(144,72): error CS1061: 'ProductImage' does not contain a definition for 'Url' and no accessible extension method 'Url' accepting a first argument of type 'ProductImage' could be found (are you missing a using directive or an assembly reference?) [c:\Users\moham\source\repos\NexCommerce\Application\Application.csproj]
c:\Users\moham\source\repos\NexCommerce\Application\Services\ProductService.cs(144,79): error CS1061: 'ProductImage' does not contain a definition for 'IsPrimary' and no accessible extension method 'IsPrimary' accepting a first argument of type 'ProductImage' could be found (are you missing a using directive or an assembly reference?) [c:\Users\moham\source\repos\NexCommerce\Application\Application.csproj]
c:\Users\moham\source\repos\NexCommerce\Application\Services\ProductService.cs(144,48): error CS7036: There is no argument given that corresponds to the required parameter 'IsPrimary' of 'ProductImageDto.ProductImageDto(Guid, string, string, bool)' [c:\Users\moham\source\repos\NexCommerce\Application\Application.csproj]
  Client -> c:\Users\moham\source\repos\NexCommerce\Client\bin\Debug\net10.0\Client.dll
  Client (Blazor output) -> c:\Users\moham\source\repos\NexCommerce\Client\bin\Debug\net10.0\wwwroot

Build FAILED.

c:\Users\moham\source\repos\NexCommerce\Application\Features\Auth\Register\RegisterCommand.cs(33,43): warning CS8604: Possible null reference argument for parameter 'message' in 'ValidationException.ValidationException(string message)'. [c:\Users\moham\source\repos\NexCommerce\Application\Application.csproj]
c:\Users\moham\source\repos\NexCommerce\Application\Behaviors\ValidationBehavior.cs(40,43): error CS1503: Argument 1: cannot convert from 'System.Collections.Generic.List<string>' to 'string' [c:\Users\moham\source\repos\NexCommerce\Application\Application.csproj]
c:\Users\moham\source\repos\NexCommerce\Application\Features\Auth\Register\RegisterCommand.cs(51,40): error CS0118: 'RefreshToken' is a namespace but is used like a type [c:\Users\moham\source\repos\NexCommerce\Application\Application.csproj]
c:\Users\moham\source\repos\NexCommerce\Application\Features\Auth\RefreshToken\RefreshTokenCommand.cs(39,40): error CS0118: 'RefreshToken' is a namespace but is used like a type [c:\Users\moham\source\repos\NexCommerce\Application\Application.csproj]
c:\Users\moham\source\repos\NexCommerce\Application\Features\Products\UpdateProduct\UpdateProductCommand.cs(77,44): error CS7036: There is no argument given that corresponds to the required parameter 'IsPrimary' of 'ProductImageDto.ProductImageDto(Guid, string, string, bool)' [c:\Users\moham\source\repos\NexCommerce\Application\Application.csproj]
c:\Users\moham\source\repos\NexCommerce\Application\Features\Auth\Login\LoginCommand.cs(35,40): error CS0118: 'RefreshToken' is a namespace but is used like a type [c:\Users\moham\source\repos\NexCommerce\Application\Application.csproj]
c:\Users\moham\source\repos\NexCommerce\Application\Features\Products\CreateProduct\CreateProductCommand.cs(107,48): error CS7036: There is no argument given that corresponds to the required parameter 'IsPrimary' of 'ProductImageDto.ProductImageDto(Guid, string, string, bool)' [c:\Users\moham\source\repos\NexCommerce\Application\Application.csproj]
c:\Users\moham\source\repos\NexCommerce\Application\Services\VendorService.cs(31,20): error CS1729: 'PagedResult<VendorListItemDto>' does not contain a constructor that takes 4 arguments [c:\Users\moham\source\repos\NexCommerce\Application\Application.csproj]
c:\Users\moham\source\repos\NexCommerce\Application\Services\ProductService.cs(20,20): error CS1729: 'PagedResult<ProductListItemDto>' does not contain a constructor that takes 4 arguments [c:\Users\moham\source\repos\NexCommerce\Application\Application.csproj]
c:\Users\moham\source\repos\NexCommerce\Application\Services\ProductService.cs(26,20): error CS1729: 'PagedResult<ProductListItemDto>' does not contain a constructor that takes 4 arguments [c:\Users\moham\source\repos\NexCommerce\Application\Application.csproj]
c:\Users\moham\source\repos\NexCommerce\Application\Services\VendorService.cs(56,43): error CS1729: 'string' does not contain a constructor that takes 0 arguments [c:\Users\moham\source\repos\NexCommerce\Application\Application.csproj]
c:\Users\moham\source\repos\NexCommerce\Application\Services\VendorService.cs(56,43): error CS1061: 'string' does not contain a definition for 'Add' and no accessible extension method 'Add' accepting a first argument of type 'string' could be found (are you missing a using directive or an assembly reference?) [c:\Users\moham\source\repos\NexCommerce\Application\Application.csproj]
c:\Users\moham\source\repos\NexCommerce\Application\Services\VendorService.cs(56,44): error CS0029: Cannot implicitly convert type 'string' to 'char' [c:\Users\moham\source\repos\NexCommerce\Application\Application.csproj]
c:\Users\moham\source\repos\NexCommerce\Application\Services\ProductService.cs(32,20): error CS1729: 'PagedResult<ProductListItemDto>' does not contain a constructor that takes 4 arguments [c:\Users\moham\source\repos\NexCommerce\Application\Application.csproj]
c:\Users\moham\source\repos\NexCommerce\Application\Services\ProductService.cs(66,53): error CS1061: 'ProductImage' does not contain a definition for 'IsPrimary' and no accessible extension method 'IsPrimary' accepting a first argument of type 'ProductImage' could be found (are you missing a using directive or an assembly reference?) [c:\Users\moham\source\repos\NexCommerce\Application\Application.csproj]
c:\Users\moham\source\repos\NexCommerce\Application\Services\ProductService.cs(68,78): error CS0117: 'ProductImage' does not contain a definition for 'Url' [c:\Users\moham\source\repos\NexCommerce\Application\Application.csproj]
c:\Users\moham\source\repos\NexCommerce\Application\Services\ProductService.cs(68,89): error CS0117: 'ProductImage' does not contain a definition for 'IsPrimary' [c:\Users\moham\source\repos\NexCommerce\Application\Application.csproj]
c:\Users\moham\source\repos\NexCommerce\Application\Mappings\OrderProfile.cs(18,56): error CS1061: 'ProductImage' does not contain a definition for 'IsPrimary' and no accessible extension method 'IsPrimary' accepting a first argument of type 'ProductImage' could be found (are you missing a using directive or an assembly reference?) [c:\Users\moham\source\repos\NexCommerce\Application\Application.csproj]
c:\Users\moham\source\repos\NexCommerce\Application\Services\ProductService.cs(82,50): error CS1061: 'ProductImage' does not contain a definition for 'Url' and no accessible extension method 'Url' accepting a first argument of type 'ProductImage' could be found (are you missing a using directive or an assembly reference?) [c:\Users\moham\source\repos\NexCommerce\Application\Application.csproj]
c:\Users\moham\source\repos\NexCommerce\Application\Services\CategoryService.cs(104,43): error CS1729: 'string' does not contain a constructor that takes 0 arguments [c:\Users\moham\source\repos\NexCommerce\Application\Application.csproj]
c:\Users\moham\source\repos\NexCommerce\Application\Services\CategoryService.cs(104,43): error CS1061: 'string' does not contain a definition for 'Add' and no accessible extension method 'Add' accepting a first argument of type 'string' could be found (are you missing a using directive or an assembly reference?) [c:\Users\moham\source\repos\NexCommerce\Application\Application.csproj]
c:\Users\moham\source\repos\NexCommerce\Application\Services\CategoryService.cs(104,44): error CS0029: Cannot implicitly convert type 'string' to 'char' [c:\Users\moham\source\repos\NexCommerce\Application\Application.csproj]
c:\Users\moham\source\repos\NexCommerce\Application\Services\CategoryService.cs(107,43): error CS1729: 'string' does not contain a constructor that takes 0 arguments [c:\Users\moham\source\repos\NexCommerce\Application\Application.csproj]
c:\Users\moham\source\repos\NexCommerce\Application\Services\CategoryService.cs(107,43): error CS1061: 'string' does not contain a definition for 'Add' and no accessible extension method 'Add' accepting a first argument of type 'string' could be found (are you missing a using directive or an assembly reference?) [c:\Users\moham\source\repos\NexCommerce\Application\Application.csproj]
c:\Users\moham\source\repos\NexCommerce\Application\Services\CategoryService.cs(107,44): error CS0029: Cannot implicitly convert type 'string' to 'char' [c:\Users\moham\source\repos\NexCommerce\Application\Application.csproj]
c:\Users\moham\source\repos\NexCommerce\Application\Services\ProductService.cs(124,57): error CS1061: 'ProductImage' does not contain a definition for 'IsPrimary' and no accessible extension method 'IsPrimary' accepting a first argument of type 'ProductImage' could be found (are you missing a using directive or an assembly reference?) [c:\Users\moham\source\repos\NexCommerce\Application\Application.csproj]
c:\Users\moham\source\repos\NexCommerce\Application\Services\ProductService.cs(124,102): error CS1061: 'ProductImage' does not contain a definition for 'Url' and no accessible extension method 'Url' accepting a first argument of type 'ProductImage' could be found (are you missing a using directive or an assembly reference?) [c:\Users\moham\source\repos\NexCommerce\Application\Application.csproj]
c:\Users\moham\source\repos\NexCommerce\Application\Services\ProductService.cs(144,72): error CS1061: 'ProductImage' does not contain a definition for 'Url' and no accessible extension method 'Url' accepting a first argument of type 'ProductImage' could be found (are you missing a using directive or an assembly reference?) [c:\Users\moham\source\repos\NexCommerce\Application\Application.csproj]
c:\Users\moham\source\repos\NexCommerce\Application\Services\ProductService.cs(144,79): error CS1061: 'ProductImage' does not contain a definition for 'IsPrimary' and no accessible extension method 'IsPrimary' accepting a first argument of type 'ProductImage' could be found (are you missing a using directive or an assembly reference?) [c:\Users\moham\source\repos\NexCommerce\Application\Application.csproj]
c:\Users\moham\source\repos\NexCommerce\Application\Services\ProductService.cs(144,48): error CS7036: There is no argument given that corresponds to the required parameter 'IsPrimary' of 'ProductImageDto.ProductImageDto(Guid, string, string, bool)' [c:\Users\moham\source\repos\NexCommerce\Application\Application.csproj]
    1 Warning(s)
    29 Error(s)

Time Elapsed 00:00:05.78
